Archive member included to satisfy reference by file (symbol)

c:/st/stm32cubeide_1.6.0/stm32cubeide/plugins/com.st.stm32cube.ide.mcu.externaltools.gnu-tools-for-stm32.9-2020-q2-update.win32_1.5.0.202011040924/tools/bin/../lib/gcc/arm-none-eabi/9.3.1/../../../../arm-none-eabi/lib/thumb/v6-m/nofp\libc_nano.a(lib_a-errno.o)
                              Core/Src/syscalls.o (__errno)
c:/st/stm32cubeide_1.6.0/stm32cubeide/plugins/com.st.stm32cube.ide.mcu.externaltools.gnu-tools-for-stm32.9-2020-q2-update.win32_1.5.0.202011040924/tools/bin/../lib/gcc/arm-none-eabi/9.3.1/../../../../arm-none-eabi/lib/thumb/v6-m/nofp\libc_nano.a(lib_a-exit.o)
                              c:/st/stm32cubeide_1.6.0/stm32cubeide/plugins/com.st.stm32cube.ide.mcu.externaltools.gnu-tools-for-stm32.9-2020-q2-update.win32_1.5.0.202011040924/tools/bin/../lib/gcc/arm-none-eabi/9.3.1/../../../../arm-none-eabi/lib/thumb/v6-m/nofp/crt0.o (exit)
c:/st/stm32cubeide_1.6.0/stm32cubeide/plugins/com.st.stm32cube.ide.mcu.externaltools.gnu-tools-for-stm32.9-2020-q2-update.win32_1.5.0.202011040924/tools/bin/../lib/gcc/arm-none-eabi/9.3.1/../../../../arm-none-eabi/lib/thumb/v6-m/nofp\libc_nano.a(lib_a-impure.o)
                              c:/st/stm32cubeide_1.6.0/stm32cubeide/plugins/com.st.stm32cube.ide.mcu.externaltools.gnu-tools-for-stm32.9-2020-q2-update.win32_1.5.0.202011040924/tools/bin/../lib/gcc/arm-none-eabi/9.3.1/../../../../arm-none-eabi/lib/thumb/v6-m/nofp\libc_nano.a(lib_a-exit.o) (_global_impure_ptr)
c:/st/stm32cubeide_1.6.0/stm32cubeide/plugins/com.st.stm32cube.ide.mcu.externaltools.gnu-tools-for-stm32.9-2020-q2-update.win32_1.5.0.202011040924/tools/bin/../lib/gcc/arm-none-eabi/9.3.1/../../../../arm-none-eabi/lib/thumb/v6-m/nofp\libc_nano.a(lib_a-init.o)
                              c:/st/stm32cubeide_1.6.0/stm32cubeide/plugins/com.st.stm32cube.ide.mcu.externaltools.gnu-tools-for-stm32.9-2020-q2-update.win32_1.5.0.202011040924/tools/bin/../lib/gcc/arm-none-eabi/9.3.1/../../../../arm-none-eabi/lib/thumb/v6-m/nofp/crt0.o (__libc_init_array)
c:/st/stm32cubeide_1.6.0/stm32cubeide/plugins/com.st.stm32cube.ide.mcu.externaltools.gnu-tools-for-stm32.9-2020-q2-update.win32_1.5.0.202011040924/tools/bin/../lib/gcc/arm-none-eabi/9.3.1/../../../../arm-none-eabi/lib/thumb/v6-m/nofp\libc_nano.a(lib_a-memset.o)
                              c:/st/stm32cubeide_1.6.0/stm32cubeide/plugins/com.st.stm32cube.ide.mcu.externaltools.gnu-tools-for-stm32.9-2020-q2-update.win32_1.5.0.202011040924/tools/bin/../lib/gcc/arm-none-eabi/9.3.1/../../../../arm-none-eabi/lib/thumb/v6-m/nofp/crt0.o (memset)
c:/st/stm32cubeide_1.6.0/stm32cubeide/plugins/com.st.stm32cube.ide.mcu.externaltools.gnu-tools-for-stm32.9-2020-q2-update.win32_1.5.0.202011040924/tools/bin/../lib/gcc/arm-none-eabi/9.3.1/thumb/v6-m/nofp\libgcc.a(_udivsi3.o)
                              Core/Src/system_stm32f0xx.o (__aeabi_uidiv)
c:/st/stm32cubeide_1.6.0/stm32cubeide/plugins/com.st.stm32cube.ide.mcu.externaltools.gnu-tools-for-stm32.9-2020-q2-update.win32_1.5.0.202011040924/tools/bin/../lib/gcc/arm-none-eabi/9.3.1/thumb/v6-m/nofp\libgcc.a(_dvmd_tls.o)
                              c:/st/stm32cubeide_1.6.0/stm32cubeide/plugins/com.st.stm32cube.ide.mcu.externaltools.gnu-tools-for-stm32.9-2020-q2-update.win32_1.5.0.202011040924/tools/bin/../lib/gcc/arm-none-eabi/9.3.1/thumb/v6-m/nofp\libgcc.a(_udivsi3.o) (__aeabi_idiv0)

Allocating common symbols
Common symbol       size              file

hdma_i2c1_tx        0x44              Core/Src/main.o
hi2c1               0x4c              Core/Src/main.o
uwTick              0x4               Drivers/STM32F0xx_HAL_Driver/stm32f0xx_hal.o
pFlash              0x20              Drivers/STM32F0xx_HAL_Driver/stm32f0xx_hal_flash.o

Discarded input sections

 .text          0x0000000000000000        0x0 c:/st/stm32cubeide_1.6.0/stm32cubeide/plugins/com.st.stm32cube.ide.mcu.externaltools.gnu-tools-for-stm32.9-2020-q2-update.win32_1.5.0.202011040924/tools/bin/../lib/gcc/arm-none-eabi/9.3.1/thumb/v6-m/nofp/crti.o
 .data          0x0000000000000000        0x0 c:/st/stm32cubeide_1.6.0/stm32cubeide/plugins/com.st.stm32cube.ide.mcu.externaltools.gnu-tools-for-stm32.9-2020-q2-update.win32_1.5.0.202011040924/tools/bin/../lib/gcc/arm-none-eabi/9.3.1/thumb/v6-m/nofp/crti.o
 .bss           0x0000000000000000        0x0 c:/st/stm32cubeide_1.6.0/stm32cubeide/plugins/com.st.stm32cube.ide.mcu.externaltools.gnu-tools-for-stm32.9-2020-q2-update.win32_1.5.0.202011040924/tools/bin/../lib/gcc/arm-none-eabi/9.3.1/thumb/v6-m/nofp/crti.o
 .data          0x0000000000000000        0x4 c:/st/stm32cubeide_1.6.0/stm32cubeide/plugins/com.st.stm32cube.ide.mcu.externaltools.gnu-tools-for-stm32.9-2020-q2-update.win32_1.5.0.202011040924/tools/bin/../lib/gcc/arm-none-eabi/9.3.1/thumb/v6-m/nofp/crtbegin.o
[...]
Memory Configuration

Name             Origin             Length             Attributes
RAM              0x0000000020000000 0x0000000000001000 xrw
FLASH            0x0000000008000000 0x0000000000004000 xr
*default*        0x0000000000000000 0xffffffffffffffff

Linker script and memory map

LOAD c:/st/stm32cubeide_1.6.0/stm32cubeide/plugins/com.st.stm32cube.ide.mcu.externaltools.gnu-tools-for-stm32.9-2020-q2-update.win32_1.5.0.202011040924/tools/bin/../lib/gcc/arm-none-eabi/9.3.1/thumb/v6-m/nofp/crti.o
LOAD c:/st/stm32cubeide_1.6.0/stm32cubeide/plugins/com.st.stm32cube.ide.mcu.externaltools.gnu-tools-for-stm32.9-2020-q2-update.win32_1.5.0.202011040924/tools/bin/../lib/gcc/arm-none-eabi/9.3.1/thumb/v6-m/nofp/crtbegin.o
LOAD c:/st/stm32cubeide_1.6.0/stm32cubeide/plugins/com.st.stm32cube.ide.mcu.externaltools.gnu-tools-for-stm32.9-2020-q2-update.win32_1.5.0.202011040924/tools/bin/../lib/gcc/arm-none-eabi/9.3.1/../../../../arm-none-eabi/lib/thumb/v6-m/nofp/crt0.o
LOAD Core/Src/i2c.o
LOAD Core/Src/main.o
LOAD Core/Src/stm32f0xx_hal_msp.o
LOAD Core/Src/stm32f0xx_it.o
LOAD Core/Src/syscalls.o
LOAD Core/Src/sysmem.o
LOAD Core/Src/system_stm32f0xx.o
LOAD Core/Startup/startup_stm32f030f4px.o
LOAD Drivers/STM32F0xx_HAL_Driver/stm32f0xx_hal.o
LOAD Drivers/STM32F0xx_HAL_Driver/stm32f0xx_hal_cortex.o
LOAD Drivers/STM32F0xx_HAL_Driver/stm32f0xx_hal_dma.o
LOAD Drivers/STM32F0xx_HAL_Driver/stm32f0xx_hal_exti.o
LOAD Drivers/STM32F0xx_HAL_Driver/stm32f0xx_hal_flash.o
LOAD Drivers/STM32F0xx_HAL_Driver/stm32f0xx_hal_flash_ex.o
LOAD Drivers/STM32F0xx_HAL_Driver/stm32f0xx_hal_gpio.o
LOAD Drivers/STM32F0xx_HAL_Driver/stm32f0xx_hal_i2c.o
LOAD Drivers/STM32F0xx_HAL_Driver/stm32f0xx_hal_i2c_ex.o
LOAD Drivers/STM32F0xx_HAL_Driver/stm32f0xx_hal_pwr.o
LOAD Drivers/STM32F0xx_HAL_Driver/stm32f0xx_hal_pwr_ex.o
LOAD Drivers/STM32F0xx_HAL_Driver/stm32f0xx_hal_rcc.o
LOAD Drivers/STM32F0xx_HAL_Driver/stm32f0xx_hal_rcc_ex.o
LOAD Drivers/STM32F0xx_HAL_Driver/stm32f0xx_hal_tim.o
LOAD Drivers/STM32F0xx_HAL_Driver/stm32f0xx_hal_tim_ex.o
START GROUP
LOAD c:/st/stm32cubeide_1.6.0/stm32cubeide/plugins/com.st.stm32cube.ide.mcu.externaltools.gnu-tools-for-stm32.9-2020-q2-update.win32_1.5.0.202011040924/tools/bin/../lib/gcc/arm-none-eabi/9.3.1/../../../../arm-none-eabi/lib/thumb/v6-m/nofp\libc_nano.a
LOAD c:/st/stm32cubeide_1.6.0/stm32cubeide/plugins/com.st.stm32cube.ide.mcu.externaltools.gnu-tools-for-stm32.9-2020-q2-update.win32_1.5.0.202011040924/tools/bin/../lib/gcc/arm-none-eabi/9.3.1/../../../../arm-none-eabi/lib/thumb/v6-m/nofp\libm.a
END GROUP
START GROUP
LOAD c:/st/stm32cubeide_1.6.0/stm32cubeide/plugins/com.st.stm32cube.ide.mcu.externaltools.gnu-tools-for-stm32.9-2020-q2-update.win32_1.5.0.202011040924/tools/bin/../lib/gcc/arm-none-eabi/9.3.1/thumb/v6-m/nofp\libgcc.a
LOAD c:/st/stm32cubeide_1.6.0/stm32cubeide/plugins/com.st.stm32cube.ide.mcu.externaltools.gnu-tools-for-stm32.9-2020-q2-update.win32_1.5.0.202011040924/tools/bin/../lib/gcc/arm-none-eabi/9.3.1/../../../../arm-none-eabi/lib/thumb/v6-m/nofp\libc_nano.a
END GROUP
START GROUP
LOAD c:/st/stm32cubeide_1.6.0/stm32cubeide/plugins/com.st.stm32cube.ide.mcu.externaltools.gnu-tools-for-stm32.9-2020-q2-update.win32_1.5.0.202011040924/tools/bin/../lib/gcc/arm-none-eabi/9.3.1/thumb/v6-m/nofp\libgcc.a
LOAD c:/st/stm32cubeide_1.6.0/stm32cubeide/plugins/com.st.stm32cube.ide.mcu.externaltools.gnu-tools-for-stm32.9-2020-q2-update.win32_1.5.0.202011040924/tools/bin/../lib/gcc/arm-none-eabi/9.3.1/../../../../arm-none-eabi/lib/thumb/v6-m/nofp\libc_nano.a
LOAD c:/st/stm32cubeide_1.6.0/stm32cubeide/plugins/com.st.stm32cube.ide.mcu.externaltools.gnu-tools-for-stm32.9-2020-q2-update.win32_1.5.0.202011040924/tools/bin/../lib/gcc/arm-none-eabi/9.3.1/../../../../arm-none-eabi/lib/thumb/v6-m/nofp\libnosys.a
END GROUP
START GROUP
LOAD c:/st/stm32cubeide_1.6.0/stm32cubeide/plugins/com.st.stm32cube.ide.mcu.externaltools.gnu-tools-for-stm32.9-2020-q2-update.win32_1.5.0.202011040924/tools/bin/../lib/gcc/arm-none-eabi/9.3.1/thumb/v6-m/nofp\libgcc.a
LOAD c:/st/stm32cubeide_1.6.0/stm32cubeide/plugins/com.st.stm32cube.ide.mcu.externaltools.gnu-tools-for-stm32.9-2020-q2-update.win32_1.5.0.202011040924/tools/bin/../lib/gcc/arm-none-eabi/9.3.1/../../../../arm-none-eabi/lib/thumb/v6-m/nofp\libc_nano.a
LOAD c:/st/stm32cubeide_1.6.0/stm32cubeide/plugins/com.st.stm32cube.ide.mcu.externaltools.gnu-tools-for-stm32.9-2020-q2-update.win32_1.5.0.202011040924/tools/bin/../lib/gcc/arm-none-eabi/9.3.1/../../../../arm-none-eabi/lib/thumb/v6-m/nofp\libnosys.a
END GROUP
LOAD c:/st/stm32cubeide_1.6.0/stm32cubeide/plugins/com.st.stm32cube.ide.mcu.externaltools.gnu-tools-for-stm32.9-2020-q2-update.win32_1.5.0.202011040924/tools/bin/../lib/gcc/arm-none-eabi/9.3.1/thumb/v6-m/nofp/crtend.o
LOAD c:/st/stm32cubeide_1.6.0/stm32cubeide/plugins/com.st.stm32cube.ide.mcu.externaltools.gnu-tools-for-stm32.9-2020-q2-update.win32_1.5.0.202011040924/tools/bin/../lib/gcc/arm-none-eabi/9.3.1/thumb/v6-m/nofp/crtn.o
                0x0000000020001000                _estack = (ORIGIN (RAM) + LENGTH (RAM))
                0x0000000000000200                _Min_Heap_Size = 0x200
                0x0000000000000400                _Min_Stack_Size = 0x400

.isr_vector     0x0000000008000000       0xc0
                0x0000000008000000                . = ALIGN (0x4)
 *(.isr_vector)
 .isr_vector    0x0000000008000000       0xc0 Core/Startup/startup_stm32f030f4px.o
                0x0000000008000000                g_pfnVectors
                0x00000000080000c0                . = ALIGN (0x4)

.text           0x00000000080000c0     0x33f8
                0x00000000080000c0                . = ALIGN (0x4)
 *(.text)
 .text          0x00000000080000c0       0x48 c:/st/stm32cubeide_1.6.0/stm32cubeide/plugins/com.st.stm32cube.ide.mcu.externaltools.gnu-tools-for-stm32.9-2020-q2-update.win32_1.5.0.202011040924/tools/bin/../lib/gcc/arm-none-eabi/9.3.1/thumb/v6-m/nofp/crtbegin.o
 .text          0x0000000008000108      0x114 c:/st/stm32cubeide_1.6.0/stm32cubeide/plugins/com.st.stm32cube.ide.mcu.externaltools.gnu-tools-for-stm32.9-2020-q2-update.win32_1.5.0.202011040924/tools/bin/../lib/gcc/arm-none-eabi/9.3.1/thumb/v6-m/nofp\libgcc.a(_udivsi3.o)
                0x0000000008000108                __aeabi_uidiv
                0x0000000008000108                __udivsi3
                0x0000000008000214                __aeabi_uidivmod
 .text          0x000000000800021c        0x4 c:/st/stm32cubeide_1.6.0/stm32cubeide/plugins/com.st.stm32cube.ide.mcu.externaltools.gnu-tools-for-stm32.9-2020-q2-update.win32_1.5.0.202011040924/tools/bin/../lib/gcc/arm-none-eabi/9.3.1/thumb/v6-m/nofp\libgcc.a(_dvmd_tls.o)
                0x000000000800021c                __aeabi_idiv0
                0x000000000800021c                __aeabi_ldiv0
 *(.text*)
 .text.i2c_write_dma
                0x0000000008000220       0x44 Core/Src/i2c.o
                0x0000000008000220                i2c_write_dma
 .text.main     0x0000000008000264       0x2c Core/Src/main.o
                0x0000000008000264                main
 .text.SystemClock_Config
                0x0000000008000290       0xca Core/Src/main.o
                0x0000000008000290                SystemClock_Config
 *fill*         0x000000000800035a        0x2 
 .text.MX_I2C1_Init
                0x000000000800035c       0x80 Core/Src/main.o
 .text.MX_DMA_Init
                0x00000000080003dc       0x3c Core/Src/main.o
 .text.MX_GPIO_Init
                0x0000000008000418       0x4c Core/Src/main.o
 .text.Error_Handler
                0x0000000008000464        0xa Core/Src/main.o
                0x0000000008000464                Error_Handler
 *fill*         0x000000000800046e        0x2 
 .text.HAL_MspInit
                0x0000000008000470       0x48 Core/Src/stm32f0xx_hal_msp.o
                0x0000000008000470                HAL_MspInit
 .text.HAL_I2C_MspInit
                0x00000000080004b8       0xf0 Core/Src/stm32f0xx_hal_msp.o
                0x00000000080004b8                HAL_I2C_MspInit
 .text.NMI_Handler
                0x00000000080005a8        0x6 Core/Src/stm32f0xx_it.o
                0x00000000080005a8                NMI_Handler
 .text.HardFault_Handler
                0x00000000080005ae        0x6 Core/Src/stm32f0xx_it.o
                0x00000000080005ae                HardFault_Handler
 .text.SVC_Handler
                0x00000000080005b4        0xa Core/Src/stm32f0xx_it.o
                0x00000000080005b4                SVC_Handler
 .text.PendSV_Handler
                0x00000000080005be        0xa Core/Src/stm32f0xx_it.o
                0x00000000080005be                PendSV_Handler
 .text.SysTick_Handler
                0x00000000080005c8        0xe Core/Src/stm32f0xx_it.o
                0x00000000080005c8                SysTick_Handler
 *fill*         0x00000000080005d6        0x2 
 .text.DMA1_Channel2_3_IRQHandler
                0x00000000080005d8       0x18 Core/Src/stm32f0xx_it.o
                0x00000000080005d8                DMA1_Channel2_3_IRQHandler
 .text.SystemInit
                0x00000000080005f0        0xa Core/Src/system_stm32f0xx.o
                0x00000000080005f0                SystemInit
 *fill*         0x00000000080005fa        0x2 
 .text.Reset_Handler
                0x00000000080005fc       0x50 Core/Startup/startup_stm32f030f4px.o
                0x00000000080005fc                Reset_Handler
 .text.Default_Handler
                0x000000000800064c        0x2 Core/Startup/startup_stm32f030f4px.o
                0x000000000800064c                TIM1_CC_IRQHandler
                0x000000000800064c                I2C1_IRQHandler
                0x000000000800064c                SPI1_IRQHandler
                0x000000000800064c                EXTI2_3_IRQHandler
                0x000000000800064c                ADC1_IRQHandler
                0x000000000800064c                TIM17_IRQHandler
                0x000000000800064c                RTC_IRQHandler
                0x000000000800064c                TIM16_IRQHandler
                0x000000000800064c                TIM3_IRQHandler
                0x000000000800064c                EXTI4_15_IRQHandler
                0x000000000800064c                RCC_IRQHandler
                0x000000000800064c                DMA1_Channel1_IRQHandler
                0x000000000800064c                Default_Handler
                0x000000000800064c                TIM14_IRQHandler
                0x000000000800064c                DMA1_Channel4_5_IRQHandler
                0x000000000800064c                EXTI0_1_IRQHandler
                0x000000000800064c                WWDG_IRQHandler
                0x000000000800064c                FLASH_IRQHandler
                0x000000000800064c                USART1_IRQHandler
                0x000000000800064c                TIM1_BRK_UP_TRG_COM_IRQHandler
 *fill*         0x000000000800064e        0x2 
 .text.HAL_Init
                0x0000000008000650       0x28 Drivers/STM32F0xx_HAL_Driver/stm32f0xx_hal.o
                0x0000000008000650                HAL_Init
 .text.HAL_InitTick
                0x0000000008000678       0x68 Drivers/STM32F0xx_HAL_Driver/stm32f0xx_hal.o
                0x0000000008000678                HAL_InitTick
 .text.HAL_IncTick
                0x00000000080006e0       0x24 Drivers/STM32F0xx_HAL_Driver/stm32f0xx_hal.o
                0x00000000080006e0                HAL_IncTick
 .text.HAL_GetTick
                0x0000000008000704       0x14 Drivers/STM32F0xx_HAL_Driver/stm32f0xx_hal.o
                0x0000000008000704                HAL_GetTick
 .text.__NVIC_EnableIRQ
                0x0000000008000718       0x34 Drivers/STM32F0xx_HAL_Driver/stm32f0xx_hal_cortex.o
 .text.__NVIC_SetPriority
                0x000000000800074c       0xdc Drivers/STM32F0xx_HAL_Driver/stm32f0xx_hal_cortex.o
 .text.SysTick_Config
                0x0000000008000828       0x48 Drivers/STM32F0xx_HAL_Driver/stm32f0xx_hal_cortex.o
 .text.HAL_NVIC_SetPriority
                0x0000000008000870       0x2a Drivers/STM32F0xx_HAL_Driver/stm32f0xx_hal_cortex.o
                0x0000000008000870                HAL_NVIC_SetPriority
 .text.HAL_NVIC_EnableIRQ
                0x000000000800089a       0x20 Drivers/STM32F0xx_HAL_Driver/stm32f0xx_hal_cortex.o
                0x000000000800089a                HAL_NVIC_EnableIRQ
 .text.HAL_SYSTICK_Config
                0x00000000080008ba       0x1a Drivers/STM32F0xx_HAL_Driver/stm32f0xx_hal_cortex.o
                0x00000000080008ba                HAL_SYSTICK_Config
 .text.HAL_DMA_Init
                0x00000000080008d4       0x90 Drivers/STM32F0xx_HAL_Driver/stm32f0xx_hal_dma.o
                0x00000000080008d4                HAL_DMA_Init
 .text.HAL_DMA_Start_IT
                0x0000000008000964       0xcc Drivers/STM32F0xx_HAL_Driver/stm32f0xx_hal_dma.o
                0x0000000008000964                HAL_DMA_Start_IT
 .text.HAL_DMA_Abort_IT
                0x0000000008000a30       0x8a Drivers/STM32F0xx_HAL_Driver/stm32f0xx_hal_dma.o
                0x0000000008000a30                HAL_DMA_Abort_IT
 .text.HAL_DMA_IRQHandler
                0x0000000008000aba      0x144 Drivers/STM32F0xx_HAL_Driver/stm32f0xx_hal_dma.o
                0x0000000008000aba                HAL_DMA_IRQHandler
 .text.HAL_DMA_GetState
                0x0000000008000bfe       0x18 Drivers/STM32F0xx_HAL_Driver/stm32f0xx_hal_dma.o
                0x0000000008000bfe                HAL_DMA_GetState
 .text.DMA_SetConfig
                0x0000000008000c16       0x58 Drivers/STM32F0xx_HAL_Driver/stm32f0xx_hal_dma.o
 *fill*         0x0000000008000c6e        0x2 
 .text.DMA_CalcBaseAndBitshift
                0x0000000008000c70       0x38 Drivers/STM32F0xx_HAL_Driver/stm32f0xx_hal_dma.o
 .text.HAL_GPIO_Init
                0x0000000008000ca8      0x2e0 Drivers/STM32F0xx_HAL_Driver/stm32f0xx_hal_gpio.o
                0x0000000008000ca8                HAL_GPIO_Init
 .text.HAL_I2C_Init
                0x0000000008000f88      0x12c Drivers/STM32F0xx_HAL_Driver/stm32f0xx_hal_i2c.o
                0x0000000008000f88                HAL_I2C_Init
 .text.HAL_I2C_Mem_Write_DMA
                0x00000000080010b4      0x21c Drivers/STM32F0xx_HAL_Driver/stm32f0xx_hal_i2c.o
                0x00000000080010b4                HAL_I2C_Mem_Write_DMA
 .text.HAL_I2C_MasterTxCpltCallback
                0x00000000080012d0       0x10 Drivers/STM32F0xx_HAL_Driver/stm32f0xx_hal_i2c.o
                0x00000000080012d0                HAL_I2C_MasterTxCpltCallback
 .text.HAL_I2C_MasterRxCpltCallback
                0x00000000080012e0       0x10 Drivers/STM32F0xx_HAL_Driver/stm32f0xx_hal_i2c.o
                0x00000000080012e0                HAL_I2C_MasterRxCpltCallback
 .text.HAL_I2C_SlaveTxCpltCallback
                0x00000000080012f0       0x10 Drivers/STM32F0xx_HAL_Driver/stm32f0xx_hal_i2c.o
                0x00000000080012f0                HAL_I2C_SlaveTxCpltCallback
 .text.HAL_I2C_SlaveRxCpltCallback
                0x0000000008001300       0x10 Drivers/STM32F0xx_HAL_Driver/stm32f0xx_hal_i2c.o
                0x0000000008001300                HAL_I2C_SlaveRxCpltCallback
 .text.HAL_I2C_AddrCallback
                0x0000000008001310       0x20 Drivers/STM32F0xx_HAL_Driver/stm32f0xx_hal_i2c.o
                0x0000000008001310                HAL_I2C_AddrCallback
 .text.HAL_I2C_ListenCpltCallback
                0x0000000008001330       0x10 Drivers/STM32F0xx_HAL_Driver/stm32f0xx_hal_i2c.o
                0x0000000008001330                HAL_I2C_ListenCpltCallback
 .text.HAL_I2C_MemTxCpltCallback
                0x0000000008001340       0x10 Drivers/STM32F0xx_HAL_Driver/stm32f0xx_hal_i2c.o
                0x0000000008001340                HAL_I2C_MemTxCpltCallback
 .text.HAL_I2C_MemRxCpltCallback
                0x0000000008001350       0x10 Drivers/STM32F0xx_HAL_Driver/stm32f0xx_hal_i2c.o
                0x0000000008001350                HAL_I2C_MemRxCpltCallback
 .text.HAL_I2C_ErrorCallback
                0x0000000008001360       0x10 Drivers/STM32F0xx_HAL_Driver/stm32f0xx_hal_i2c.o
                0x0000000008001360                HAL_I2C_ErrorCallback
 .text.HAL_I2C_AbortCpltCallback
                0x0000000008001370       0x10 Drivers/STM32F0xx_HAL_Driver/stm32f0xx_hal_i2c.o
                0x0000000008001370                HAL_I2C_AbortCpltCallback
 .text.I2C_Slave_ISR_IT
                0x0000000008001380      0x228 Drivers/STM32F0xx_HAL_Driver/stm32f0xx_hal_i2c.o
 .text.I2C_Master_ISR_DMA
                0x00000000080015a8      0x218 Drivers/STM32F0xx_HAL_Driver/stm32f0xx_hal_i2c.o
 .text.I2C_Slave_ISR_DMA
                0x00000000080017c0      0x1ec Drivers/STM32F0xx_HAL_Driver/stm32f0xx_hal_i2c.o
 .text.I2C_RequestMemoryWrite
                0x00000000080019ac       0xc8 Drivers/STM32F0xx_HAL_Driver/stm32f0xx_hal_i2c.o
 .text.I2C_ITAddrCplt
                0x0000000008001a74      0x148 Drivers/STM32F0xx_HAL_Driver/stm32f0xx_hal_i2c.o
 .text.I2C_ITMasterSeqCplt
                0x0000000008001bbc       0x82 Drivers/STM32F0xx_HAL_Driver/stm32f0xx_hal_i2c.o
 *fill*         0x0000000008001c3e        0x2 
 .text.I2C_ITSlaveSeqCplt
                0x0000000008001c40       0xcc Drivers/STM32F0xx_HAL_Driver/stm32f0xx_hal_i2c.o
 .text.I2C_ITMasterCplt
                0x0000000008001d0c      0x1a4 Drivers/STM32F0xx_HAL_Driver/stm32f0xx_hal_i2c.o
 .text.I2C_ITSlaveCplt
                0x0000000008001eb0      0x248 Drivers/STM32F0xx_HAL_Driver/stm32f0xx_hal_i2c.o
 .text.I2C_ITListenCplt
                0x00000000080020f8       0xb4 Drivers/STM32F0xx_HAL_Driver/stm32f0xx_hal_i2c.o
 .text.I2C_ITError
                0x00000000080021ac      0x1c4 Drivers/STM32F0xx_HAL_Driver/stm32f0xx_hal_i2c.o
 .text.I2C_TreatErrorCallback
                0x0000000008002370       0x52 Drivers/STM32F0xx_HAL_Driver/stm32f0xx_hal_i2c.o
 .text.I2C_Flush_TXDR
                0x00000000080023c2       0x44 Drivers/STM32F0xx_HAL_Driver/stm32f0xx_hal_i2c.o
 *fill*         0x0000000008002406        0x2 
 .text.I2C_DMAMasterTransmitCplt
                0x0000000008002408       0xa0 Drivers/STM32F0xx_HAL_Driver/stm32f0xx_hal_i2c.o
 .text.I2C_DMAError
                0x00000000080024a8       0x32 Drivers/STM32F0xx_HAL_Driver/stm32f0xx_hal_i2c.o
 .text.I2C_DMAAbort
                0x00000000080024da       0x3e Drivers/STM32F0xx_HAL_Driver/stm32f0xx_hal_i2c.o
 .text.I2C_WaitOnFlagUntilTimeout
                0x0000000008002518       0x7e Drivers/STM32F0xx_HAL_Driver/stm32f0xx_hal_i2c.o
 .text.I2C_WaitOnTXISFlagUntilTimeout
                0x0000000008002596       0x7e Drivers/STM32F0xx_HAL_Driver/stm32f0xx_hal_i2c.o
 .text.I2C_IsAcknowledgeFailed
                0x0000000008002614       0xcc Drivers/STM32F0xx_HAL_Driver/stm32f0xx_hal_i2c.o
 .text.I2C_TransferConfig
                0x00000000080026e0       0x6c Drivers/STM32F0xx_HAL_Driver/stm32f0xx_hal_i2c.o
 .text.I2C_Enable_IRQ
                0x000000000800274c       0xd0 Drivers/STM32F0xx_HAL_Driver/stm32f0xx_hal_i2c.o
 .text.I2C_Disable_IRQ
                0x000000000800281c       0xc6 Drivers/STM32F0xx_HAL_Driver/stm32f0xx_hal_i2c.o
 *fill*         0x00000000080028e2        0x2 
 .text.HAL_I2CEx_ConfigAnalogFilter
                0x00000000080028e4       0x98 Drivers/STM32F0xx_HAL_Driver/stm32f0xx_hal_i2c_ex.o
                0x00000000080028e4                HAL_I2CEx_ConfigAnalogFilter
 .text.HAL_I2CEx_ConfigDigitalFilter
                0x000000000800297c       0x98 Drivers/STM32F0xx_HAL_Driver/stm32f0xx_hal_i2c_ex.o
                0x000000000800297c                HAL_I2CEx_ConfigDigitalFilter
 .text.HAL_RCC_OscConfig
                0x0000000008002a14      0x634 Drivers/STM32F0xx_HAL_Driver/stm32f0xx_hal_rcc.o
                0x0000000008002a14                HAL_RCC_OscConfig
 .text.HAL_RCC_ClockConfig
                0x0000000008003048      0x19c Drivers/STM32F0xx_HAL_Driver/stm32f0xx_hal_rcc.o
                0x0000000008003048                HAL_RCC_ClockConfig
 .text.HAL_RCC_GetSysClockFreq
                0x00000000080031e4       0xc8 Drivers/STM32F0xx_HAL_Driver/stm32f0xx_hal_rcc.o
                0x00000000080031e4                HAL_RCC_GetSysClockFreq
 .text.HAL_RCCEx_PeriphCLKConfig
                0x00000000080032ac      0x19c Drivers/STM32F0xx_HAL_Driver/stm32f0xx_hal_rcc_ex.o
                0x00000000080032ac                HAL_RCCEx_PeriphCLKConfig
 .text.__libc_init_array
                0x0000000008003448       0x48 c:/st/stm32cubeide_1.6.0/stm32cubeide/plugins/com.st.stm32cube.ide.mcu.externaltools.gnu-tools-for-stm32.9-2020-q2-update.win32_1.5.0.202011040924/tools/bin/../lib/gcc/arm-none-eabi/9.3.1/../../../../arm-none-eabi/lib/thumb/v6-m/nofp\libc_nano.a(lib_a-init.o)
                0x0000000008003448                __libc_init_array
 .text.memset   0x0000000008003490       0x10 c:/st/stm32cubeide_1.6.0/stm32cubeide/plugins/com.st.stm32cube.ide.mcu.externaltools.gnu-tools-for-stm32.9-2020-q2-update.win32_1.5.0.202011040924/tools/bin/../lib/gcc/arm-none-eabi/9.3.1/../../../../arm-none-eabi/lib/thumb/v6-m/nofp\libc_nano.a(lib_a-memset.o)
                0x0000000008003490                memset
 *(.glue_7)
 .glue_7        0x00000000080034a0        0x0 linker stubs
 *(.glue_7t)
 .glue_7t       0x00000000080034a0        0x0 linker stubs
 *(.eh_frame)
 .eh_frame      0x00000000080034a0        0x0 c:/st/stm32cubeide_1.6.0/stm32cubeide/plugins/com.st.stm32cube.ide.mcu.externaltools.gnu-tools-for-stm32.9-2020-q2-update.win32_1.5.0.202011040924/tools/bin/../lib/gcc/arm-none-eabi/9.3.1/thumb/v6-m/nofp/crtbegin.o
 *(.init)
 .init          0x00000000080034a0        0x4 c:/st/stm32cubeide_1.6.0/stm32cubeide/plugins/com.st.stm32cube.ide.mcu.externaltools.gnu-tools-for-stm32.9-2020-q2-update.win32_1.5.0.202011040924/tools/bin/../lib/gcc/arm-none-eabi/9.3.1/thumb/v6-m/nofp/crti.o
                0x00000000080034a0                _init
 .init          0x00000000080034a4        0x8 c:/st/stm32cubeide_1.6.0/stm32cubeide/plugins/com.st.stm32cube.ide.mcu.externaltools.gnu-tools-for-stm32.9-2020-q2-update.win32_1.5.0.202011040924/tools/bin/../lib/gcc/arm-none-eabi/9.3.1/thumb/v6-m/nofp/crtn.o
 *(.fini)
 .fini          0x00000000080034ac        0x4 c:/st/stm32cubeide_1.6.0/stm32cubeide/plugins/com.st.stm32cube.ide.mcu.externaltools.gnu-tools-for-stm32.9-2020-q2-update.win32_1.5.0.202011040924/tools/bin/../lib/gcc/arm-none-eabi/9.3.1/thumb/v6-m/nofp/crti.o
                0x00000000080034ac                _fini
 .fini          0x00000000080034b0        0x8 c:/st/stm32cubeide_1.6.0/stm32cubeide/plugins/com.st.stm32cube.ide.mcu.externaltools.gnu-tools-for-stm32.9-2020-q2-update.win32_1.5.0.202011040924/tools/bin/../lib/gcc/arm-none-eabi/9.3.1/thumb/v6-m/nofp/crtn.o
                0x00000000080034b8                . = ALIGN (0x4)
                0x00000000080034b8                _etext = .

.vfp11_veneer   0x00000000080034b8        0x0
 .vfp11_veneer  0x00000000080034b8        0x0 linker stubs

.v4_bx          0x00000000080034b8        0x0
 .v4_bx         0x00000000080034b8        0x0 linker stubs

.iplt           0x00000000080034b8        0x0
 .iplt          0x00000000080034b8        0x0 c:/st/stm32cubeide_1.6.0/stm32cubeide/plugins/com.st.stm32cube.ide.mcu.externaltools.gnu-tools-for-stm32.9-2020-q2-update.win32_1.5.0.202011040924/tools/bin/../lib/gcc/arm-none-eabi/9.3.1/thumb/v6-m/nofp/crtbegin.o

.rodata         0x00000000080034b8       0x30
                0x00000000080034b8                . = ALIGN (0x4)
 *(.rodata)
 .rodata        0x00000000080034b8       0x20 Drivers/STM32F0xx_HAL_Driver/stm32f0xx_hal_rcc.o
 *(.rodata*)
 .rodata.AHBPrescTable
                0x00000000080034d8       0x10 Core/Src/system_stm32f0xx.o
                0x00000000080034d8                AHBPrescTable
                0x00000000080034e8                . = ALIGN (0x4)

.rel.dyn        0x00000000080034e8        0x0
 .rel.iplt      0x00000000080034e8        0x0 c:/st/stm32cubeide_1.6.0/stm32cubeide/plugins/com.st.stm32cube.ide.mcu.externaltools.gnu-tools-for-stm32.9-2020-q2-update.win32_1.5.0.202011040924/tools/bin/../lib/gcc/arm-none-eabi/9.3.1/thumb/v6-m/nofp/crtbegin.o

.ARM.extab      0x00000000080034e8        0x0
                0x00000000080034e8                . = ALIGN (0x4)
 *(.ARM.extab* .gnu.linkonce.armextab.*)
                0x00000000080034e8                . = ALIGN (0x4)

.ARM            0x00000000080034e8        0x0
                0x00000000080034e8                . = ALIGN (0x4)
                0x00000000080034e8                __exidx_start = .
 *(.ARM.exidx*)
                0x00000000080034e8                __exidx_end = .
                0x00000000080034e8                . = ALIGN (0x4)

.preinit_array  0x00000000080034e8        0x0
                0x00000000080034e8                . = ALIGN (0x4)
                0x00000000080034e8                PROVIDE (__preinit_array_start = .)
 *(.preinit_array*)
                0x00000000080034e8                PROVIDE (__preinit_array_end = .)
                0x00000000080034e8                . = ALIGN (0x4)

.init_array     0x00000000080034e8        0x4
                0x00000000080034e8                . = ALIGN (0x4)
                0x00000000080034e8                PROVIDE (__init_array_start = .)
 *(SORT_BY_NAME(.init_array.*))
 *(.init_array*)
 .init_array    0x00000000080034e8        0x4 c:/st/stm32cubeide_1.6.0/stm32cubeide/plugins/com.st.stm32cube.ide.mcu.externaltools.gnu-tools-for-stm32.9-2020-q2-update.win32_1.5.0.202011040924/tools/bin/../lib/gcc/arm-none-eabi/9.3.1/thumb/v6-m/nofp/crtbegin.o
                0x00000000080034ec                PROVIDE (__init_array_end = .)
                0x00000000080034ec                . = ALIGN (0x4)

.fini_array     0x00000000080034ec        0x4
                0x00000000080034ec                . = ALIGN (0x4)
                [!provide]                        PROVIDE (__fini_array_start = .)
 *(SORT_BY_NAME(.fini_array.*))
 *(.fini_array*)
 .fini_array    0x00000000080034ec        0x4 c:/st/stm32cubeide_1.6.0/stm32cubeide/plugins/com.st.stm32cube.ide.mcu.externaltools.gnu-tools-for-stm32.9-2020-q2-update.win32_1.5.0.202011040924/tools/bin/../lib/gcc/arm-none-eabi/9.3.1/thumb/v6-m/nofp/crtbegin.o
                [!provide]                        PROVIDE (__fini_array_end = .)
                0x00000000080034f0                . = ALIGN (0x4)
                0x00000000080034f0                _sidata = LOADADDR (.data)

.data           0x0000000020000000        0xc load address 0x00000000080034f0
                0x0000000020000000                . = ALIGN (0x4)
                0x0000000020000000                _sdata = .
 *(.data)
 *(.data*)
 .data.SystemCoreClock
                0x0000000020000000        0x4 Core/Src/system_stm32f0xx.o
                0x0000000020000000                SystemCoreClock
 .data.uwTickPrio
                0x0000000020000004        0x4 Drivers/STM32F0xx_HAL_Driver/stm32f0xx_hal.o
                0x0000000020000004                uwTickPrio
 .data.uwTickFreq
                0x0000000020000008        0x1 Drivers/STM32F0xx_HAL_Driver/stm32f0xx_hal.o
                0x0000000020000008                uwTickFreq
 *(.RamFunc)
 *(.RamFunc*)
                0x000000002000000c                . = ALIGN (0x4)
 *fill*         0x0000000020000009        0x3 
                0x000000002000000c                _edata = .

.igot.plt       0x000000002000000c        0x0 load address 0x00000000080034fc
 .igot.plt      0x000000002000000c        0x0 c:/st/stm32cubeide_1.6.0/stm32cubeide/plugins/com.st.stm32cube.ide.mcu.externaltools.gnu-tools-for-stm32.9-2020-q2-update.win32_1.5.0.202011040924/tools/bin/../lib/gcc/arm-none-eabi/9.3.1/thumb/v6-m/nofp/crtbegin.o
                0x000000002000000c                . = ALIGN (0x4)

.bss            0x000000002000000c       0xb0 load address 0x00000000080034fc
                0x000000002000000c                _sbss = .
                0x000000002000000c                __bss_start__ = _sbss
 *(.bss)
 .bss           0x000000002000000c       0x1c c:/st/stm32cubeide_1.6.0/stm32cubeide/plugins/com.st.stm32cube.ide.mcu.externaltools.gnu-tools-for-stm32.9-2020-q2-update.win32_1.5.0.202011040924/tools/bin/../lib/gcc/arm-none-eabi/9.3.1/thumb/v6-m/nofp/crtbegin.o
 *(.bss*)
 *(COMMON)
 COMMON         0x0000000020000028       0x90 Core/Src/main.o
                0x0000000020000028                hdma_i2c1_tx
                0x000000002000006c                hi2c1
 COMMON         0x00000000200000b8        0x4 Drivers/STM32F0xx_HAL_Driver/stm32f0xx_hal.o
                0x00000000200000b8                uwTick
                0x00000000200000bc                . = ALIGN (0x4)
                0x00000000200000bc                _ebss = .
                0x00000000200000bc                __bss_end__ = _ebss

._user_heap_stack
                0x00000000200000bc      0x604 load address 0x00000000080034fc
                0x00000000200000c0                . = ALIGN (0x8)
 *fill*         0x00000000200000bc        0x4 
                [!provide]                        PROVIDE (end = .)
                0x00000000200000c0                PROVIDE (_end = .)
                0x00000000200002c0                . = (. + _Min_Heap_Size)
 *fill*         0x00000000200000c0      0x200 
                0x00000000200006c0                . = (. + _Min_Stack_Size)
 *fill*         0x00000000200002c0      0x400 
                0x00000000200006c0                . = ALIGN (0x8)

/DISCARD/
 libc.a(*)
 libm.a(*)
 libgcc.a(*)

.ARM.attributes
                0x0000000000000000       0x28
 *(.ARM.attributes)
 .ARM.attributes
                0x0000000000000000       0x1e c:/st/stm32cubeide_1.6.0/stm32cubeide/plugins/com.st.stm32cube.ide.mcu.externaltools.gnu-tools-for-stm32.9-2020-q2-update.win32_1.5.0.202011040924/tools/bin/../lib/gcc/arm-none-eabi/9.3.1/thumb/v6-m/nofp/crti.o
 .ARM.attributes
                0x000000000000001e       0x2c c:/st/stm32cubeide_1.6.0/stm32cubeide/plugins/com.st.stm32cube.ide.mcu.externaltools.gnu-tools-for-stm32.9-2020-q2-update.win32_1.5.0.202011040924/tools/bin/../lib/gcc/arm-none-eabi/9.3.1/thumb/v6-m/nofp/crtbegin.o
 .ARM.attributes
                0x000000000000004a       0x2c Core/Src/i2c.o
 .ARM.attributes
                0x0000000000000076       0x2c Core/Src/main.o
 .ARM.attributes
                0x00000000000000a2       0x2c Core/Src/stm32f0xx_hal_msp.o
 .ARM.attributes
                0x00000000000000ce       0x2c Core/Src/stm32f0xx_it.o
 .ARM.attributes
                0x00000000000000fa       0x2c Core/Src/system_stm32f0xx.o
 .ARM.attributes
                0x0000000000000126       0x21 Core/Startup/startup_stm32f030f4px.o
 .ARM.attributes
                0x0000000000000147       0x2c Drivers/STM32F0xx_HAL_Driver/stm32f0xx_hal.o
 .ARM.attributes
                0x0000000000000173       0x2c Drivers/STM32F0xx_HAL_Driver/stm32f0xx_hal_cortex.o
 .ARM.attributes
                0x000000000000019f       0x2c Drivers/STM32F0xx_HAL_Driver/stm32f0xx_hal_dma.o
 .ARM.attributes
                0x00000000000001cb       0x2c Drivers/STM32F0xx_HAL_Driver/stm32f0xx_hal_gpio.o
 .ARM.attributes
                0x00000000000001f7       0x2c Drivers/STM32F0xx_HAL_Driver/stm32f0xx_hal_i2c.o
 .ARM.attributes
                0x0000000000000223       0x2c Drivers/STM32F0xx_HAL_Driver/stm32f0xx_hal_i2c_ex.o
 .ARM.attributes
                0x000000000000024f       0x2c Drivers/STM32F0xx_HAL_Driver/stm32f0xx_hal_rcc.o
 .ARM.attributes
                0x000000000000027b       0x2c Drivers/STM32F0xx_HAL_Driver/stm32f0xx_hal_rcc_ex.o
 .ARM.attributes
                0x00000000000002a7       0x2c c:/st/stm32cubeide_1.6.0/stm32cubeide/plugins/com.st.stm32cube.ide.mcu.externaltools.gnu-tools-for-stm32.9-2020-q2-update.win32_1.5.0.202011040924/tools/bin/../lib/gcc/arm-none-eabi/9.3.1/../../../../arm-none-eabi/lib/thumb/v6-m/nofp\libc_nano.a(lib_a-init.o)
 .ARM.attributes
                0x00000000000002d3       0x2c c:/st/stm32cubeide_1.6.0/stm32cubeide/plugins/com.st.stm32cube.ide.mcu.externaltools.gnu-tools-for-stm32.9-2020-q2-update.win32_1.5.0.202011040924/tools/bin/../lib/gcc/arm-none-eabi/9.3.1/../../../../arm-none-eabi/lib/thumb/v6-m/nofp\libc_nano.a(lib_a-memset.o)
 .ARM.attributes
                0x00000000000002ff       0x1e c:/st/stm32cubeide_1.6.0/stm32cubeide/plugins/com.st.stm32cube.ide.mcu.externaltools.gnu-tools-for-stm32.9-2020-q2-update.win32_1.5.0.202011040924/tools/bin/../lib/gcc/arm-none-eabi/9.3.1/thumb/v6-m/nofp\libgcc.a(_udivsi3.o)
 .ARM.attributes
                0x000000000000031d       0x1e c:/st/stm32cubeide_1.6.0/stm32cubeide/plugins/com.st.stm32cube.ide.mcu.externaltools.gnu-tools-for-stm32.9-2020-q2-update.win32_1.5.0.202011040924/tools/bin/../lib/gcc/arm-none-eabi/9.3.1/thumb/v6-m/nofp\libgcc.a(_dvmd_tls.o)
 .ARM.attributes
                0x000000000000033b       0x1e c:/st/stm32cubeide_1.6.0/stm32cubeide/plugins/com.st.stm32cube.ide.mcu.externaltools.gnu-tools-for-stm32.9-2020-q2-update.win32_1.5.0.202011040924/tools/bin/../lib/gcc/arm-none-eabi/9.3.1/thumb/v6-m/nofp/crtn.o
OUTPUT(STM32F030_I2C_DMA.elf elf32-littlearm)
LOAD linker stubs
LOAD c:/st/stm32cubeide_1.6.0/stm32cubeide/plugins/com.st.stm32cube.ide.mcu.externaltools.gnu-tools-for-stm32.9-2020-q2-update.win32_1.5.0.202011040924/tools/bin/../lib/gcc/arm-none-eabi/9.3.1/../../../../arm-none-eabi/lib/thumb/v6-m/nofp\libc.a
LOAD c:/st/stm32cubeide_1.6.0/stm32cubeide/plugins/com.st.stm32cube.ide.mcu.externaltools.gnu-tools-for-stm32.9-2020-q2-update.win32_1.5.0.202011040924/tools/bin/../lib/gcc/arm-none-eabi/9.3.1/../../../../arm-none-eabi/lib/thumb/v6-m/nofp\libm.a
LOAD c:/st/stm32cubeide_1.6.0/stm32cubeide/plugins/com.st.stm32cube.ide.mcu.externaltools.gnu-tools-for-stm32.9-2020-q2-update.win32_1.5.0.202011040924/tools/bin/../lib/gcc/arm-none-eabi/9.3.1/thumb/v6-m/nofp\libgcc.a

.debug_info     0x0000000000000000     0x7726
 .debug_info    0x0000000000000000      0x7ab Core/Src/i2c.o
 .debug_info    0x00000000000007ab      0xade Core/Src/main.o
 .debug_info    0x0000000000001289      0x977 Core/Src/stm32f0xx_hal_msp.o
 .debug_info    0x0000000000001c00      0x3f6 Core/Src/stm32f0xx_it.o
 .debug_info    0x0000000000001ff6      0x2c3 Core/Src/system_stm32f0xx.o
 .debug_info    0x00000000000022b9       0x22 Core/Startup/startup_stm32f030f4px.o
 .debug_info    0x00000000000022db      0x6be Drivers/STM32F0xx_HAL_Driver/stm32f0xx_hal.o
 .debug_info    0x0000000000002999      0x7a0 Drivers/STM32F0xx_HAL_Driver/stm32f0xx_hal_cortex.o
 .debug_info    0x0000000000003139      0x80a Drivers/STM32F0xx_HAL_Driver/stm32f0xx_hal_dma.o
 .debug_info    0x0000000000003943      0x6d3 Drivers/STM32F0xx_HAL_Driver/stm32f0xx_hal_gpio.o
 .debug_info    0x0000000000004016     0x2195 Drivers/STM32F0xx_HAL_Driver/stm32f0xx_hal_i2c.o
 .debug_info    0x00000000000061ab      0x8ed Drivers/STM32F0xx_HAL_Driver/stm32f0xx_hal_i2c_ex.o
 .debug_info    0x0000000000006a98      0x88d Drivers/STM32F0xx_HAL_Driver/stm32f0xx_hal_rcc.o
 .debug_info    0x0000000000007325      0x401 Drivers/STM32F0xx_HAL_Driver/stm32f0xx_hal_rcc_ex.o

.debug_abbrev   0x0000000000000000     0x1936
 .debug_abbrev  0x0000000000000000      0x1c1 Core/Src/i2c.o
 .debug_abbrev  0x00000000000001c1      0x24e Core/Src/main.o
 .debug_abbrev  0x000000000000040f      0x1b7 Core/Src/stm32f0xx_hal_msp.o
 .debug_abbrev  0x00000000000005c6      0x134 Core/Src/stm32f0xx_it.o
 .debug_abbrev  0x00000000000006fa      0x145 Core/Src/system_stm32f0xx.o
 .debug_abbrev  0x000000000000083f       0x12 Core/Startup/startup_stm32f030f4px.o
 .debug_abbrev  0x0000000000000851      0x21e Drivers/STM32F0xx_HAL_Driver/stm32f0xx_hal.o
 .debug_abbrev  0x0000000000000a6f      0x2a9 Drivers/STM32F0xx_HAL_Driver/stm32f0xx_hal_cortex.o
 .debug_abbrev  0x0000000000000d18      0x213 Drivers/STM32F0xx_HAL_Driver/stm32f0xx_hal_dma.o
 .debug_abbrev  0x0000000000000f2b      0x1e8 Drivers/STM32F0xx_HAL_Driver/stm32f0xx_hal_gpio.o
 .debug_abbrev  0x0000000000001113      0x267 Drivers/STM32F0xx_HAL_Driver/stm32f0xx_hal_i2c.o
 .debug_abbrev  0x000000000000137a      0x1ee Drivers/STM32F0xx_HAL_Driver/stm32f0xx_hal_i2c_ex.o
 .debug_abbrev  0x0000000000001568      0x23b Drivers/STM32F0xx_HAL_Driver/stm32f0xx_hal_rcc.o
 .debug_abbrev  0x00000000000017a3      0x193 Drivers/STM32F0xx_HAL_Driver/stm32f0xx_hal_rcc_ex.o

.debug_aranges  0x0000000000000000      0x728
 .debug_aranges
                0x0000000000000000       0x30 Core/Src/i2c.o
 .debug_aranges
                0x0000000000000030       0x48 Core/Src/main.o
 .debug_aranges
                0x0000000000000078       0x30 Core/Src/stm32f0xx_hal_msp.o
 .debug_aranges
                0x00000000000000a8       0x48 Core/Src/stm32f0xx_it.o
 .debug_aranges
                0x00000000000000f0       0x28 Core/Src/system_stm32f0xx.o
 .debug_aranges
                0x0000000000000118       0x28 Core/Startup/startup_stm32f030f4px.o
 .debug_aranges
                0x0000000000000140       0xd0 Drivers/STM32F0xx_HAL_Driver/stm32f0xx_hal.o
 .debug_aranges
                0x0000000000000210       0xc0 Drivers/STM32F0xx_HAL_Driver/stm32f0xx_hal_cortex.o
 .debug_aranges
                0x00000000000002d0       0x88 Drivers/STM32F0xx_HAL_Driver/stm32f0xx_hal_dma.o
 .debug_aranges
                0x0000000000000358       0x58 Drivers/STM32F0xx_HAL_Driver/stm32f0xx_hal_gpio.o
 .debug_aranges
                0x00000000000003b0      0x290 Drivers/STM32F0xx_HAL_Driver/stm32f0xx_hal_i2c.o
 .debug_aranges
                0x0000000000000640       0x38 Drivers/STM32F0xx_HAL_Driver/stm32f0xx_hal_i2c_ex.o
 .debug_aranges
                0x0000000000000678       0x80 Drivers/STM32F0xx_HAL_Driver/stm32f0xx_hal_rcc.o
 .debug_aranges
                0x00000000000006f8       0x30 Drivers/STM32F0xx_HAL_Driver/stm32f0xx_hal_rcc_ex.o

.debug_ranges   0x0000000000000000      0x650
 .debug_ranges  0x0000000000000000       0x20 Core/Src/i2c.o
 .debug_ranges  0x0000000000000020       0x38 Core/Src/main.o
 .debug_ranges  0x0000000000000058       0x20 Core/Src/stm32f0xx_hal_msp.o
 .debug_ranges  0x0000000000000078       0x38 Core/Src/stm32f0xx_it.o
 .debug_ranges  0x00000000000000b0       0x18 Core/Src/system_stm32f0xx.o
 .debug_ranges  0x00000000000000c8       0x20 Core/Startup/startup_stm32f030f4px.o
 .debug_ranges  0x00000000000000e8       0xc0 Drivers/STM32F0xx_HAL_Driver/stm32f0xx_hal.o
 .debug_ranges  0x00000000000001a8       0xb0 Drivers/STM32F0xx_HAL_Driver/stm32f0xx_hal_cortex.o
 .debug_ranges  0x0000000000000258       0x78 Drivers/STM32F0xx_HAL_Driver/stm32f0xx_hal_dma.o
 .debug_ranges  0x00000000000002d0       0x48 Drivers/STM32F0xx_HAL_Driver/stm32f0xx_hal_gpio.o
 .debug_ranges  0x0000000000000318      0x280 Drivers/STM32F0xx_HAL_Driver/stm32f0xx_hal_i2c.o
 .debug_ranges  0x0000000000000598       0x28 Drivers/STM32F0xx_HAL_Driver/stm32f0xx_hal_i2c_ex.o
 .debug_ranges  0x00000000000005c0       0x70 Drivers/STM32F0xx_HAL_Driver/stm32f0xx_hal_rcc.o
 .debug_ranges  0x0000000000000630       0x20 Drivers/STM32F0xx_HAL_Driver/stm32f0xx_hal_rcc_ex.o

.debug_macro    0x0000000000000000     0xe688
 .debug_macro   0x0000000000000000      0x1a7 Core/Src/i2c.o
 .debug_macro   0x00000000000001a7      0xa7e Core/Src/i2c.o
 .debug_macro   0x0000000000000c25      0x127 Core/Src/i2c.o
 .debug_macro   0x0000000000000d4c       0x2e Core/Src/i2c.o
 .debug_macro   0x0000000000000d7a       0x22 Core/Src/i2c.o
 .debug_macro   0x0000000000000d9c       0x22 Core/Src/i2c.o
 .debug_macro   0x0000000000000dbe       0x8e Core/Src/i2c.o
 .debug_macro   0x0000000000000e4c       0x51 Core/Src/i2c.o
 .debug_macro   0x0000000000000e9d      0x103 Core/Src/i2c.o
 .debug_macro   0x0000000000000fa0       0x6a Core/Src/i2c.o
 .debug_macro   0x000000000000100a      0x1df Core/Src/i2c.o
 .debug_macro   0x00000000000011e9       0x1c Core/Src/i2c.o
 .debug_macro   0x0000000000001205       0x22 Core/Src/i2c.o
 .debug_macro   0x0000000000001227       0xb5 Core/Src/i2c.o
 .debug_macro   0x00000000000012dc      0x391 Core/Src/i2c.o
 .debug_macro   0x000000000000166d     0x6e60 Core/Src/i2c.o
 .debug_macro   0x00000000000084cd       0x3c Core/Src/i2c.o
 .debug_macro   0x0000000000008509     0x3461 Core/Src/i2c.o
 .debug_macro   0x000000000000b96a      0x174 Core/Src/i2c.o
 .debug_macro   0x000000000000bade       0x55 Core/Src/i2c.o
 .debug_macro   0x000000000000bb33      0x924 Core/Src/i2c.o
 .debug_macro   0x000000000000c457       0xe5 Core/Src/i2c.o
 .debug_macro   0x000000000000c53c      0x12f Core/Src/i2c.o
 .debug_macro   0x000000000000c66b       0xb3 Core/Src/i2c.o
 .debug_macro   0x000000000000c71e      0x1a0 Core/Src/i2c.o
 .debug_macro   0x000000000000c8be      0x1ed Core/Src/i2c.o
 .debug_macro   0x000000000000caab       0x34 Core/Src/i2c.o
 .debug_macro   0x000000000000cadf       0x43 Core/Src/i2c.o
 .debug_macro   0x000000000000cb22       0x28 Core/Src/i2c.o
 .debug_macro   0x000000000000cb4a       0xb0 Core/Src/i2c.o
 .debug_macro   0x000000000000cbfa      0x15a Core/Src/i2c.o
 .debug_macro   0x000000000000cd54      0x22c Core/Src/i2c.o
 .debug_macro   0x000000000000cf80       0x60 Core/Src/i2c.o
 .debug_macro   0x000000000000cfe0       0xa5 Core/Src/i2c.o
 .debug_macro   0x000000000000d085       0x4c Core/Src/i2c.o
 .debug_macro   0x000000000000d0d1       0x2b Core/Src/i2c.o
 .debug_macro   0x000000000000d0fc       0xf1 Core/Src/i2c.o
 .debug_macro   0x000000000000d1ed      0x1b7 Core/Src/main.o
 .debug_macro   0x000000000000d3a4      0x1a3 Core/Src/stm32f0xx_hal_msp.o
 .debug_macro   0x000000000000d547      0x1ad Core/Src/stm32f0xx_it.o
 .debug_macro   0x000000000000d6f4      0x199 Core/Src/system_stm32f0xx.o
 .debug_macro   0x000000000000d88d      0x1bd Drivers/STM32F0xx_HAL_Driver/stm32f0xx_hal.o
 .debug_macro   0x000000000000da4a      0x199 Drivers/STM32F0xx_HAL_Driver/stm32f0xx_hal_cortex.o
 .debug_macro   0x000000000000dbe3      0x199 Drivers/STM32F0xx_HAL_Driver/stm32f0xx_hal_dma.o
 .debug_macro   0x000000000000dd7c      0x1d1 Drivers/STM32F0xx_HAL_Driver/stm32f0xx_hal_gpio.o
 .debug_macro   0x000000000000df4d      0x25e Drivers/STM32F0xx_HAL_Driver/stm32f0xx_hal_i2c.o
 .debug_macro   0x000000000000e1ab      0x199 Drivers/STM32F0xx_HAL_Driver/stm32f0xx_hal_i2c_ex.o
 .debug_macro   0x000000000000e344      0x1ab Drivers/STM32F0xx_HAL_Driver/stm32f0xx_hal_rcc.o
 .debug_macro   0x000000000000e4ef      0x199 Drivers/STM32F0xx_HAL_Driver/stm32f0xx_hal_rcc_ex.o

.debug_line     0x0000000000000000     0xa8b3
 .debug_line    0x0000000000000000      0x783 Core/Src/i2c.o
 .debug_line    0x0000000000000783      0x85d Core/Src/main.o
 .debug_line    0x0000000000000fe0      0x7c8 Core/Src/stm32f0xx_hal_msp.o
 .debug_line    0x00000000000017a8      0x7d3 Core/Src/stm32f0xx_it.o
 .debug_line    0x0000000000001f7b      0x7c6 Core/Src/system_stm32f0xx.o
 .debug_line    0x0000000000002741       0x89 Core/Startup/startup_stm32f030f4px.o
 .debug_line    0x00000000000027ca      0xa07 Drivers/STM32F0xx_HAL_Driver/stm32f0xx_hal.o
 .debug_line    0x00000000000031d1      0xab3 Drivers/STM32F0xx_HAL_Driver/stm32f0xx_hal_cortex.o
 .debug_line    0x0000000000003c84      0xd23 Drivers/STM32F0xx_HAL_Driver/stm32f0xx_hal_dma.o
 .debug_line    0x00000000000049a7      0xb8e Drivers/STM32F0xx_HAL_Driver/stm32f0xx_hal_gpio.o
 .debug_line    0x0000000000005535     0x335d Drivers/STM32F0xx_HAL_Driver/stm32f0xx_hal_i2c.o
 .debug_line    0x0000000000008892      0x8c8 Drivers/STM32F0xx_HAL_Driver/stm32f0xx_hal_i2c_ex.o
 .debug_line    0x000000000000915a      0xdf3 Drivers/STM32F0xx_HAL_Driver/stm32f0xx_hal_rcc.o
 .debug_line    0x0000000000009f4d      0x966 Drivers/STM32F0xx_HAL_Driver/stm32f0xx_hal_rcc_ex.o

.debug_str      0x0000000000000000    0x54497
 .debug_str     0x0000000000000000    0x522f2 Core/Src/i2c.o
                                      0x525ec (size before relaxing)
 .debug_str     0x00000000000522f2      0x384 Core/Src/main.o
                                      0x52958 (size before relaxing)
 .debug_str     0x0000000000052676       0xb6 Core/Src/stm32f0xx_hal_msp.o
                                      0x5269f (size before relaxing)
 .debug_str     0x000000000005272c       0x76 Core/Src/stm32f0xx_it.o
                                      0x52334 (size before relaxing)
 .debug_str     0x00000000000527a2       0x5f Core/Src/system_stm32f0xx.o
                                      0x52167 (size before relaxing)
 .debug_str     0x0000000000052801       0x36 Core/Startup/startup_stm32f030f4px.o
                                         0x6e (size before relaxing)
 .debug_str     0x0000000000052837      0x337 Drivers/STM32F0xx_HAL_Driver/stm32f0xx_hal.o
                                      0x52670 (size before relaxing)
 .debug_str     0x0000000000052b6e      0x23a Drivers/STM32F0xx_HAL_Driver/stm32f0xx_hal_cortex.o
                                      0x52528 (size before relaxing)
 .debug_str     0x0000000000052da8      0x288 Drivers/STM32F0xx_HAL_Driver/stm32f0xx_hal_dma.o
                                      0x52575 (size before relaxing)
 .debug_str     0x0000000000053030      0x260 Drivers/STM32F0xx_HAL_Driver/stm32f0xx_hal_gpio.o
                                      0x52439 (size before relaxing)
 .debug_str     0x0000000000053290      0xdf6 Drivers/STM32F0xx_HAL_Driver/stm32f0xx_hal_i2c.o
                                      0x5344f (size before relaxing)
 .debug_str     0x0000000000054086       0xbf Drivers/STM32F0xx_HAL_Driver/stm32f0xx_hal_i2c_ex.o
                                      0x5270c (size before relaxing)
 .debug_str     0x0000000000054145      0x26b Drivers/STM32F0xx_HAL_Driver/stm32f0xx_hal_rcc.o
                                      0x525a7 (size before relaxing)
 .debug_str     0x00000000000543b0       0xe7 Drivers/STM32F0xx_HAL_Driver/stm32f0xx_hal_rcc_ex.o
                                      0x522d9 (size before relaxing)

.comment        0x0000000000000000       0x53
 .comment       0x0000000000000000       0x53 Core/Src/i2c.o
                                         0x54 (size before relaxing)
 .comment       0x0000000000000053       0x54 Core/Src/main.o
 .comment       0x0000000000000053       0x54 Core/Src/stm32f0xx_hal_msp.o
 .comment       0x0000000000000053       0x54 Core/Src/stm32f0xx_it.o
 .comment       0x0000000000000053       0x54 Core/Src/system_stm32f0xx.o
 .comment       0x0000000000000053       0x54 Drivers/STM32F0xx_HAL_Driver/stm32f0xx_hal.o
 .comment       0x0000000000000053       0x54 Drivers/STM32F0xx_HAL_Driver/stm32f0xx_hal_cortex.o
 .comment       0x0000000000000053       0x54 Drivers/STM32F0xx_HAL_Driver/stm32f0xx_hal_dma.o
 .comment       0x0000000000000053       0x54 Drivers/STM32F0xx_HAL_Driver/stm32f0xx_hal_gpio.o
 .comment       0x0000000000000053       0x54 Drivers/STM32F0xx_HAL_Driver/stm32f0xx_hal_i2c.o
 .comment       0x0000000000000053       0x54 Drivers/STM32F0xx_HAL_Driver/stm32f0xx_hal_i2c_ex.o
 .comment       0x0000000000000053       0x54 Drivers/STM32F0xx_HAL_Driver/stm32f0xx_hal_rcc.o
 .comment       0x0000000000000053       0x54 Drivers/STM32F0xx_HAL_Driver/stm32f0xx_hal_rcc_ex.o

.debug_frame    0x0000000000000000     0x17f4
 .debug_frame   0x0000000000000000       0x70 Core/Src/i2c.o
 .debug_frame   0x0000000000000070       0xc4 Core/Src/main.o
 .debug_frame   0x0000000000000134       0x70 Core/Src/stm32f0xx_hal_msp.o
 .debug_frame   0x00000000000001a4       0xb8 Core/Src/stm32f0xx_it.o
 .debug_frame   0x000000000000025c       0x4c Core/Src/system_stm32f0xx.o
 .debug_frame   0x00000000000002a8      0x2a4 Drivers/STM32F0xx_HAL_Driver/stm32f0xx_hal.o
 .debug_frame   0x000000000000054c      0x2a0 Drivers/STM32F0xx_HAL_Driver/stm32f0xx_hal_cortex.o
 .debug_frame   0x00000000000007ec      0x1d0 Drivers/STM32F0xx_HAL_Driver/stm32f0xx_hal_dma.o
 .debug_frame   0x00000000000009bc      0x110 Drivers/STM32F0xx_HAL_Driver/stm32f0xx_hal_gpio.o
 .debug_frame   0x0000000000000acc      0xa24 Drivers/STM32F0xx_HAL_Driver/stm32f0xx_hal_i2c.o
 .debug_frame   0x00000000000014f0       0x90 Drivers/STM32F0xx_HAL_Driver/stm32f0xx_hal_i2c_ex.o
 .debug_frame   0x0000000000001580      0x198 Drivers/STM32F0xx_HAL_Driver/stm32f0xx_hal_rcc.o
 .debug_frame   0x0000000000001718       0x70 Drivers/STM32F0xx_HAL_Driver/stm32f0xx_hal_rcc_ex.o
 .debug_frame   0x0000000000001788       0x2c c:/st/stm32cubeide_1.6.0/stm32cubeide/plugins/com.st.stm32cube.ide.mcu.externaltools.gnu-tools-for-stm32.9-2020-q2-update.win32_1.5.0.202011040924/tools/bin/../lib/gcc/arm-none-eabi/9.3.1/../../../../arm-none-eabi/lib/thumb/v6-m/nofp\libc_nano.a(lib_a-init.o)
 .debug_frame   0x00000000000017b4       0x20 c:/st/stm32cubeide_1.6.0/stm32cubeide/plugins/com.st.stm32cube.ide.mcu.externaltools.gnu-tools-for-stm32.9-2020-q2-update.win32_1.5.0.202011040924/tools/bin/../lib/gcc/arm-none-eabi/9.3.1/../../../../arm-none-eabi/lib/thumb/v6-m/nofp\libc_nano.a(lib_a-memset.o)
 .debug_frame   0x00000000000017d4       0x20 c:/st/stm32cubeide_1.6.0/stm32cubeide/plugins/com.st.stm32cube.ide.mcu.externaltools.gnu-tools-for-stm32.9-2020-q2-update.win32_1.5.0.202011040924/tools/bin/../lib/gcc/arm-none-eabi/9.3.1/thumb/v6-m/nofp\libgcc.a(_udivsi3.o)
